RAM Allocation [bytes]
Variable                                                                          Address   Size
------------------------------------------------------------------------------------------------
keypad                                                                            0x02F3      16
_seed                                                                             0x0303       4

EEPROM Allocation [bytes]
Variable                                                                          Address   Size
------------------------------------------------------------------------------------------------

Register Allocation
Variable                                                                          Register  Size
------------------------------------------------------------------------------------------------
stage                                                                             R4,R5        2

FLASH Allocation [words]
Function                                                                          Address   Size
------------------------------------------------------------------------------------------------
main                                                                              0x000D8     56
int0_routine                                                                      0x00110    149
lcdData                                                                           0x001AE     20
lcd_init                                                                          0x001C2     29
lcd_gotoxy                                                                        0x001DF     24
lcd_print                                                                         0x001F7     24
LCM35_init                                                                        0x0020F      5
show_temp                                                                         0x00214     34
show_menu                                                                         0x00236     60
itoa                                                                              0x00272     46
