RAM Allocation [bytes]
Variable                                                                          Address   Size
------------------------------------------------------------------------------------------------
keypad                                                                            0x05EF      16
buffer                                                                            0x05FF      32
_seed                                                                             0x061F       4

EEPROM Allocation [bytes]
Variable                                                                          Address   Size
------------------------------------------------------------------------------------------------

Register Allocation
Variable                                                                          Register  Size
------------------------------------------------------------------------------------------------
stage                                                                             R4,R5        2
page_num                                                                          R7           1

FLASH Allocation [words]
Function                                                                          Address   Size
------------------------------------------------------------------------------------------------
main                                                                              0x00247    243
int0_routine                                                                      0x0033A    574
lcdCommand                                                                        0x00578     12
lcdData                                                                           0x00584      8
lcd_init                                                                          0x0058C     29
lcd_gotoxy                                                                        0x005A9     24
lcd_print                                                                         0x005C1     23
LCM35_init                                                                        0x005D8      5
show_temperature                                                                  0x005DD     44
show_menu                                                                         0x00609     64
clear_eeprom                                                                      0x00649     26
read_byte_from_eeprom                                                             0x00663     12
write_byte_to_eeprom                                                              0x0066F     11
USART_Transmit                                                                    0x0067A      7
USART_init                                                                        0x00681     13
search_student_code                                                               0x0068E     74
delete_student_code                                                               0x006D8     47
itoa                                                                              0x00707     46
memset                                                                            0x00735     16
strlen                                                                            0x00745     12
strncmp                                                                           0x00751     25
