RAM Allocation [bytes]
Variable                                                                          Address   Size
------------------------------------------------------------------------------------------------
keypad                                                                            0x07D8      16
buffer                                                                            0x07E8      32
days                                                                              0x0808      14
time                                                                              0x0816      20
previous_count                                                                    0x082A       2
_seed                                                                             0x082C       4

EEPROM Allocation [bytes]
Variable                                                                          Address   Size
------------------------------------------------------------------------------------------------

Register Allocation
Variable                                                                          Register  Size
------------------------------------------------------------------------------------------------
stage                                                                             R5           1
page_num                                                                          R4           1
US_count                                                                          R7           1
logged_in                                                                         R6           1
submitTime                                                                        R9           1
timerCount                                                                        R8           1

FLASH Allocation [words]
Function                                                                          Address   Size
------------------------------------------------------------------------------------------------
main                                                                              0x003CE    572
timer2_ovf_isr                                                                    0x0060A     18
int0_routine                                                                      0x0061C    959
lcdCommand                                                                        0x009DB     12
lcdData                                                                           0x009E7      8
lcd_init                                                                          0x009EF     28
lcd_gotoxy                                                                        0x00A0B     23
lcd_print                                                                         0x00A22     23
show_temperature                                                                  0x00A39     49
show_menu                                                                         0x00A6A     90
clear_eeprom                                                                      0x00AC4     26
read_byte_from_eeprom                                                             0x00ADE     12
write_byte_to_eeprom                                                              0x00AEA     11
USART_Transmit                                                                    0x00AF5      6
USART_Receive                                                                     0x00AFB      9
USART_init                                                                        0x00B04     13
search_student_code                                                               0x00B11     68
delete_student_code                                                               0x00B55     45
HCSR04Init                                                                        0x00B82      3
HCSR04Trigger                                                                     0x00B85      7
GetPulseWidth                                                                     0x00B8C     76
startSonar                                                                        0x00BD8    131
simple_hash                                                                       0x00C5B     35
I2C_init                                                                          0x00C7E      7
I2C_start                                                                         0x00C85      6
I2C_write                                                                         0x00C8B      9
I2C_read                                                                          0x00C94     14
I2C_stop                                                                          0x00CA2      6
rtc_init                                                                          0x00CA8      9
rtc_getTime                                                                       0x00CB1     17
rtc_getDate                                                                       0x00CC2     22
Timer2_Init                                                                       0x00CD8     17
itoa                                                                              0x00CE9     46
memset                                                                            0x00D17     16
strlen                                                                            0x00D27     12
strlenf                                                                           0x00D33     13
strncmp                                                                           0x00D40     25
put_buff_G103                                                                     0x00D59     64
_print_G103                                                                       0x00D99    308
sprintf                                                                           0x00ECD     52
